File:    1	"__RuntimeModule__"
File:    2	"E:\NSBP Development\nsb\Shared Library Sources\BitsNBytes_CW7\blib\Src\bitfun.c"
File:    3	"E:\NSBP Development\nsb\Shared Library Sources\BitsNBytes_CW7\blib\Src\bitscall.c"
File:    4	"E:\NSBP Development\nsb\Shared Library Sources\BitsNBytes_CW7\blib\Src\BLib.c"
File:    5	"E:\NSBP Development\nsb\Shared Library Sources\BitsNBytes_CW7\blib\Src\bstartup.c"
File:    6	"E:\NSBP Development\nsb\Shared Library Sources\BitsNBytes_CW7\blib\Src\CW.c"

Segment:   1    5486 bytes  "First Segment"
Code: 000000      12 bytes  "__DummyStartup__"               File: "__RuntimeModule__"
Code: 00000c      10 bytes  "__orb"                          File: "E:\NSBP Development\nsb\Shared Library Sources\BitsNBytes_CW7\blib\Src\bitfun.c"
Code: 000016      10 bytes  "__orw"
Code: 000020      10 bytes  "__ord"
Code: 00002a      10 bytes  "__andb"
Code: 000034      10 bytes  "__andw"
Code: 00003e      10 bytes  "__andd"
Code: 000048      12 bytes  "__xorb"
Code: 000054      12 bytes  "__xorw"
Code: 000060      12 bytes  "__xord"
Code: 00006c       8 bytes  "__notb"
Code: 000074       8 bytes  "__notw"
Code: 00007c       8 bytes  "__notd"
Code: 000084      28 bytes  "__swapw"
Code: 0000a0      40 bytes  "__swapd"
Code: 0000c8      88 bytes  "__swapdb"
Code: 000120      48 bytes  "__shiftb"
Code: 000150      46 bytes  "__shiftw"
Code: 00017e      46 bytes  "__shiftd"
Code: 0001ac      48 bytes  "__sshiftb"
Code: 0001dc      48 bytes  "__sshiftw"
Code: 00020c      58 bytes  "__sshiftd"
Code: 000246      80 bytes  "__cshiftb"
Code: 000296      76 bytes  "__cshiftw"
Code: 0002e2      80 bytes  "__cshiftd"
Code: 000332      26 bytes  "__getbitb"
Code: 00034c      22 bytes  "__getbitw"
Code: 000362      22 bytes  "__getbitd"
Code: 000378      14 bytes  "__setbitb"
Code: 000386      14 bytes  "__setbitw"
Code: 000394      14 bytes  "__setbitd"
Code: 0003a2      16 bytes  "__resetbitb"
Code: 0003b2      16 bytes  "__resetbitw"
Code: 0003c2      16 bytes  "__resetbitd"
Code: 0003d2      18 bytes  "__inversebitb"
Code: 0003e4      18 bytes  "__inversebitw"
Code: 0003f6      18 bytes  "__inversebitd"
Code: 000408      16 bytes  "__eqvb"
Code: 000418      16 bytes  "__eqvw"
Code: 000428      16 bytes  "__eqvd"
Code: 000438      22 bytes  "__setloword"
Code: 00044e      26 bytes  "__sethiword"
Code: 000468      20 bytes  "__setlobyte"
Code: 00047c      22 bytes  "__sethibyte"
Code: 000492      12 bytes  "__getloword"
Code: 00049e      10 bytes  "__gethiword"
Code: 0004a8      12 bytes  "__getlobyte"
Code: 0004b4       8 bytes  "__gethibyte"
Code: 0004bc      62 bytes  "__dec2hex"
Code: 0004fa      74 bytes  "__hex2dec"
Code: 000544      62 bytes  "__bin2dec"
Code: 000582      74 bytes  "__dec2bin"
Code: 0005cc      70 bytes  "__crc32"
Code: 000612      26 bytes  "__encdes"
Code: 00062c      22 bytes  "__encmd4"
Code: 000642      22 bytes  "__encmd5"
Code: 000658       4 bytes  "__version"
Code: 00065c     154 bytes  "__puthexstr"
Code: 0006f6     124 bytes  "__gethexstr"
Code: 000772      96 bytes  "__putbinstr"
Code: 0007d2      92 bytes  "__getbinstr"
Code: 00082e     114 bytes  "__decryptData"
Code: 0008a0     134 bytes  "__encryptData"
Code: 000926      48 bytes  "__prvLockGlobals"
Code: 000956     282 bytes  "__encryptDesString"
Code: 000a70     264 bytes  "__decryptDesString"
Code: 000b78     230 bytes  "__setDesKey"
Code: 000c5e      24 bytes  "blib_orb"                       File: "E:\NSBP Development\nsb\Shared Library Sources\BitsNBytes_CW7\blib\Src\bitscall.c"
Code: 000c76      24 bytes  "blib_orw"
Code: 000c8e      24 bytes  "blib_ord"
Code: 000ca6      24 bytes  "blib_andb"
Code: 000cbe      24 bytes  "blib_andw"
Code: 000cd6      24 bytes  "blib_andd"
Code: 000cee      24 bytes  "blib_xorb"
Code: 000d06      24 bytes  "blib_xorw"
Code: 000d1e      24 bytes  "blib_xord"
Code: 000d36      20 bytes  "blib_notb"
Code: 000d4a      20 bytes  "blib_notw"
Code: 000d5e      20 bytes  "blib_notd"
Code: 000d72      20 bytes  "blib_swapw"
Code: 000d86      20 bytes  "blib_swapd"
Code: 000d9a      40 bytes  "blib_swapdb"
Code: 000dc2      24 bytes  "blib_shiftb"
Code: 000dda      24 bytes  "blib_shiftw"
Code: 000df2      24 bytes  "blib_shiftd"
Code: 000e0a      24 bytes  "blib_sshiftb"
Code: 000e22      24 bytes  "blib_sshiftw"
Code: 000e3a      24 bytes  "blib_sshiftd"
Code: 000e52      24 bytes  "blib_cshiftb"
Code: 000e6a      24 bytes  "blib_cshiftw"
Code: 000e82      24 bytes  "blib_cshiftd"
Code: 000e9a      24 bytes  "blib_getbitb"
Code: 000eb2      24 bytes  "blib_getbitw"
Code: 000eca      24 bytes  "blib_getbitd"
Code: 000ee2      24 bytes  "blib_setbitb"
Code: 000efa      24 bytes  "blib_setbitw"
Code: 000f12      24 bytes  "blib_setbitd"
Code: 000f2a      24 bytes  "blib_resetbitb"
Code: 000f42      24 bytes  "blib_resetbitw"
Code: 000f5a      24 bytes  "blib_resetbitd"
Code: 000f72      24 bytes  "blib_inversebitb"
Code: 000f8a      24 bytes  "blib_inversebitw"
Code: 000fa2      24 bytes  "blib_inversebitd"
Code: 000fba      28 bytes  "blib_eqvb"
Code: 000fd6      28 bytes  "blib_eqvw"
Code: 000ff2      30 bytes  "blib_eqvd"
Code: 001010      24 bytes  "blib_setloword"
Code: 001028      24 bytes  "blib_sethiword"
Code: 001040      24 bytes  "blib_setlobyte"
Code: 001058      24 bytes  "blib_sethibyte"
Code: 001070      20 bytes  "blib_getloword"
Code: 001084      20 bytes  "blib_gethiword"
Code: 001098      20 bytes  "blib_getlobyte"
Code: 0010ac      20 bytes  "blib_gethibyte"
Code: 0010c0      20 bytes  "blib_dec2hex"
Code: 0010d4      20 bytes  "blib_hex2dec"
Code: 0010e8      20 bytes  "blib_bin2dec"
Code: 0010fc      20 bytes  "blib_dec2bin"
Code: 001110      30 bytes  "blib_crc32"
Code: 00112e      34 bytes  "blib_encdes"
Code: 001150      30 bytes  "blib_encmd4"
Code: 00116e      30 bytes  "blib_encmd5"
Code: 00118c      14 bytes  "blib_version"
Code: 00119a      20 bytes  "blib_puthexstr"
Code: 0011ae      18 bytes  "blib_gethexstr"
Code: 0011c0      20 bytes  "blib_putbinstr"
Code: 0011d4      18 bytes  "blib_getbinstr"
Code: 0011e6      24 bytes  "blib_encryptDesString"
Code: 0011fe      24 bytes  "blib_decryptDesString"
Code: 001216      22 bytes  "blib_setDesKey"
Code: 00122c      22 bytes  "__Startup__"                    File: "E:\NSBP Development\nsb\Shared Library Sources\BitsNBytes_CW7\blib\Src\bstartup.c"
Code: 001242     424 bytes  "DispatchTable"
Code: 0013ea     128 bytes  "blib_open"
Code: 00146a      72 bytes  "blib_close"
Code: 0014b2       4 bytes  "blib_sleep"
Code: 0014b6       4 bytes  "blib_wake"
Code: 0014ba      32 bytes  "__lmul__"                       File: "E:\NSBP Development\nsb\Shared Library Sources\BitsNBytes_CW7\blib\Src\CW.c"
Code: 0014da      76 bytes  "__ldivu__"
Code: 001526      72 bytes  "__lmodu__"

Data section below A4:      0 bytes
Data section above A4:   1026 bytes

Initialized near data
Data:      0       1 bytes  "@648"
Data:      2    1024 bytes  "crctt_32"
